exports[`test matches snapshot 1`] = `
ShallowWrapper {
  "complexSelector": ComplexSelector {
    "buildPredicate": [Function],
    "childrenOfNode": [Function],
    "findWhereUnwrapped": [Function],
  },
  "length": 1,
  "node": <div
    className="form-group">
    <InputBar
        onSubmit={[Function]} />
    <ul
        className="list-group">
        <Todo
            onRemoveTodo={undefined}
            onToggleTodo={undefined}
            todo={
                Object {
                    "done": true,
                    "id": 1,
                    "name": "write tests",
                  }
            } />
        <Todo
            onRemoveTodo={undefined}
            onToggleTodo={undefined}
            todo={
                Object {
                    "done": false,
                    "id": 2,
                    "name": "write more tests",
                  }
            } />
        <Todo
            onRemoveTodo={undefined}
            onToggleTodo={undefined}
            todo={
                Object {
                    "done": false,
                    "id": 3,
                    "name": "enjoy",
                  }
            } />
    </ul>
</div>,
  "nodes": Array [
    <div
      className="form-group">
      <InputBar
            onSubmit={[Function]} />
      <ul
            className="list-group">
            <Todo
                  onRemoveTodo={undefined}
                  onToggleTodo={undefined}
                  todo={
                        Object {
                              "done": true,
                              "id": 1,
                              "name": "write tests",
                            }
                  } />
            <Todo
                  onRemoveTodo={undefined}
                  onToggleTodo={undefined}
                  todo={
                        Object {
                              "done": false,
                              "id": 2,
                              "name": "write more tests",
                            }
                  } />
            <Todo
                  onRemoveTodo={undefined}
                  onToggleTodo={undefined}
                  todo={
                        Object {
                              "done": false,
                              "id": 3,
                              "name": "enjoy",
                            }
                  } />
      </ul>
</div>,
  ],
  "options": Object {},
  "renderer": ReactShallowRenderer {
    "_instance": ShallowComponentWrapper {
      "_calledComponentWillUnmount": false,
      "_compositeType": 0,
      "_context": Object {},
      "_currentElement": <Todos
        todos={
                Array [
                        Object {
                          "done": true,
                          "id": 1,
                          "name": "write tests",
                        },
                        Object {
                          "done": false,
                          "id": 2,
                          "name": "write more tests",
                        },
                        Object {
                          "done": false,
                          "id": 3,
                          "name": "enjoy",
                        },
                      ]
        } />,
      "_debugID": 3,
      "_hostContainerInfo": null,
      "_hostParent": null,
      "_instance": Todos {
        "_reactInternalInstance": [Circular],
        "addTodo": [Function],
        "context": Object {},
        "props": Object {
          "todos": Array [
            Object {
              "done": true,
              "id": 1,
              "name": "write tests",
            },
            Object {
              "done": false,
              "id": 2,
              "name": "write more tests",
            },
            Object {
              "done": false,
              "id": 3,
              "name": "enjoy",
            },
          ],
        },
        "refs": Object {},
        "state": null,
        "updater": Object {
          "enqueueCallback": [Function],
          "enqueueCallbackInternal": [Function],
          "enqueueElementInternal": [Function],
          "enqueueForceUpdate": [Function],
          "enqueueReplaceState": [Function],
          "enqueueSetState": [Function],
          "isMounted": [Function],
          "validateCallback": [Function],
        },
      },
      "_mountOrder": 2,
      "_pendingCallbacks": null,
      "_pendingElement": null,
      "_pendingForceUpdate": false,
      "_pendingReplaceState": false,
      "_pendingStateQueue": null,
      "_renderedComponent": NoopInternalComponent {
        "_currentElement": <div
          className="form-group">
          <InputBar
                    onSubmit={[Function]} />
          <ul
                    className="list-group">
                    <Todo
                              onRemoveTodo={undefined}
                              onToggleTodo={undefined}
                              todo={
                                        Object {
                                                  "done": true,
                                                  "id": 1,
                                                  "name": "write tests",
                                                }
                              } />
                    <Todo
                              onRemoveTodo={undefined}
                              onToggleTodo={undefined}
                              todo={
                                        Object {
                                                  "done": false,
                                                  "id": 2,
                                                  "name": "write more tests",
                                                }
                              } />
                    <Todo
                              onRemoveTodo={undefined}
                              onToggleTodo={undefined}
                              todo={
                                        Object {
                                                  "done": false,
                                                  "id": 3,
                                                  "name": "enjoy",
                                                }
                              } />
          </ul>
</div>,
        "_debugID": 4,
        "_renderedOutput": <div
          className="form-group">
          <InputBar
                    onSubmit={[Function]} />
          <ul
                    className="list-group">
                    <Todo
                              onRemoveTodo={undefined}
                              onToggleTodo={undefined}
                              todo={
                                        Object {
                                                  "done": true,
                                                  "id": 1,
                                                  "name": "write tests",
                                                }
                              } />
                    <Todo
                              onRemoveTodo={undefined}
                              onToggleTodo={undefined}
                              todo={
                                        Object {
                                                  "done": false,
                                                  "id": 2,
                                                  "name": "write more tests",
                                                }
                              } />
                    <Todo
                              onRemoveTodo={undefined}
                              onToggleTodo={undefined}
                              todo={
                                        Object {
                                                  "done": false,
                                                  "id": 3,
                                                  "name": "enjoy",
                                                }
                              } />
          </ul>
</div>,
      },
      "_renderedNodeType": 0,
      "_rootNodeID": 0,
      "_topLevelWrapper": null,
      "_updateBatchNumber": null,
      "_warnedAboutRefsInRender": false,
    },
    "getRenderOutput": [Function],
    "render": [Function],
  },
  "root": [Circular],
  "unrendered": <Todos
    todos={
        Array [
            Object {
              "done": true,
              "id": 1,
              "name": "write tests",
            },
            Object {
              "done": false,
              "id": 2,
              "name": "write more tests",
            },
            Object {
              "done": false,
              "id": 3,
              "name": "enjoy",
            },
          ]
    } />,
}
`;
